ASxxxx Linker V03.00 + NoICE + sdld,  page 1.
Hexadecimal  [32-Bits]

Area                                    Addr        Size        Decimal Bytes (Attributes)
--------------------------------        ----        ----        ------- ----- ------------
.  .ABS.                            00000000    00000000 =           0. bytes (ABS,CON)

      Value  Global                              Global Defined In Module
      -----  --------------------------------   ------------------------
     00000000  .__.ABS.                           _modulong
     00000000  l__CABS                         
     00000000  l__DABS                         
     00000000  l__HEADER                       
     00000000  l__HEAP                         
     00000000  l__INITIALIZED                  
     00000000  l__INITIALIZER                  
     00000000  l__OVERLAY                      
     00000000  s__CABS                         
     00000000  s__DABS                         
     00000000  s__HEADER                       
     00000000  s__HEADER0                      
     00000001  l__GSFINAL                      
     0000000F  l__GSINIT                       
     00000078  l__HEADER0                      
     000000B6  l__DATA                         
     00000148  l__HOME                         
     00000180  s__CODE                         
     0000242E  l__CODE                         
     000025AE  s__DATA                         
     00002664  s__GSINIT                       
     00002673  s__GSFINAL                      
     00002674  s__HEAP                         
     00002674  s__HOME                         
     00002674  s__INITIALIZED                  
     000027BC  s__INITIALIZER                  
     000027BC  s__OVERLAY                      
     00008000  _ucFingerprintBuffer               UnapiHelper
     00008040  _ucTransferBuffer                  UnapiHelper
     00009000  _ucUnsafeDataTXBuffer              UnapiHelper
     0000F3B0  _ucLinLen                          chkssh
     0000FBEB  _ucMT6                             chkssh
     0000FBEC  _ucMT7                             chkssh
     0000FC9E  _uiJiffy                           chkssh
     0000FCA9  _ucCursorDisplayed                 chkssh

ASxxxx Linker V03.00 + NoICE + sdld,  page 2.
Hexadecimal  [32-Bits]

Area                                    Addr        Size        Decimal Bytes (Attributes)
--------------------------------        ----        ----        ------- ----- ------------
_CODE                               00000180    0000242E =        9262. bytes (REL,CON)

      Value  Global                              Global Defined In Module
      -----  --------------------------------   ------------------------
     00000180  _main                              chkssh
     000002F1  _ucHelpText                        chkssh
     0000047F  _InitializeSSH                     UnapiHelper
     000005CD  _MyRead                            UnapiHelper
     00000634  _GenerateKey                       UnapiHelper
     00000706  _ImportKey                         UnapiHelper
     000008A1  _ExportKey                         UnapiHelper
     000009F5  _GetCapabilities                   UnapiHelper
     00001133  _DosCall                           DosCall
     00001133  _DosCall_start                     DosCall
     0000116A  _DosCall_end                       DosCall
     0000116A  _UnapiGetCount                     unapigetcount
     0000116A  _UnapiGetCount_start               unapigetcount
     000011D4  _FCBs                              
     000011D4  _UnapiGetCount_end                 unapigetcount
     000011DE  _GetOSVersion                      
     0000120A  __os_ver                           
     0000120B  __mx_ver                           
     0000120C  __buf8_fcbs                        
     0000133C  __io_errno                         
     000013C5  __setupfcb                         
     00001414  _get_fd                            
     00001426  _Open                              
     00001441  _OpenAttrib                        
     0000145D  _iopen                             
     00001525  _Close                             
     00001535  _iclose                            
     0000156A  _Ensure                            
     00001599  _Create                            
     000015AE  _CreateAttrib                      
     000015CB  _Read                              
     000015E7  _iread                             
     0000162B  _Write                             
     00001647  _iwrite                            
     0000167B  _Lseek                             
     00001715  _Ltell                             
     00001732  _iltell                            
     00001775  _GetCWD                            
     00001792  _igetcwd                           
     000017CF  _Remove                            
     000017E6  _iremove                           
     00001810  _Rename                            
     0000182D  _irename                           
     0000186C  _ChangeDir                         
     00001883  _ichdir                            
     00001897  _MakeDir                           
     000018AE  _imkdir                            
     000018CA  _RemoveDir                         
     000018E1  _irmdir                            
     000018F9  _FindFirst                         
ASxxxx Linker V03.00 + NoICE + sdld,  page 3.
Hexadecimal  [32-Bits]

Area                                    Addr        Size        Decimal Bytes (Attributes)
--------------------------------        ----        ----        ------- ----- ------------
_CODE                               00000180    0000242E =        9262. bytes (REL,CON)

      Value  Global                              Global Defined In Module
      -----  --------------------------------   ------------------------
     00001939  lb_ff1c                            
     0000196D  lb_ff2c                            
     00001988  _FindNext                          
     000019B6  _SetDisk                           
     000019CA  _GetDisk                           
     000019D7  _DiskLoad                          
     00001A7E  _UnapiRead                         UnapiRead
     00001A7E  _UnapiRead_start                   UnapiRead
     00001ACE  _UnapiCall                         UnapiCall
     00001ACE  _UnapiCall_start                   UnapiCall
     00001ACE  _UnapiRead_end                     UnapiRead
     00001B15  _UnapiCall_end                     UnapiCall
     00001B15  _puts                              puts
     00001B3B  _UnapiBuildCodeBlock               unapibuildcodeblock
     00001B3B  _UnapiBuildCodeBlock_start         unapibuildcodeblock
     00001D47  _UnapiBuildCodeBlock_end           unapibuildcodeblock
     00001D47  _printf                            printf
     00001D5F  _sprintf                           printf
     00002197  _strcmp                            _strcmp
     000021D4  _UnapiGetRamHelper                 UnapiGetRamHelper
     000021D4  _UnapiGetRamHelper_start           UnapiGetRamHelper
     00002265  _AsmCall                           AsmCall
     00002265  _UnapiGetRamHelper_end             UnapiGetRamHelper
     00002308  _putchar                           
     00002308  _putchar_rr_s                      
     0000230D  _putchar_rr_dbs                    
     00002312  __uitoa                            _itoa
     000023D7  __itoa                             _itoa
     00002426  __ultoa                            _ltoa
     000024EE  __ltoa                             _ltoa
     00002556  __moduchar                         
     00002562  __moduint                          
     0000256D  __divuint                          
     00002575  __divuchar                         
     0000257C  __divu8                            
     0000257F  __divu16                           

ASxxxx Linker V03.00 + NoICE + sdld,  page 4.
Hexadecimal  [32-Bits]

Area                                    Addr        Size        Decimal Bytes (Attributes)
--------------------------------        ----        ----        ------- ----- ------------
_HEADER0                            00000000    00000078 =         120. bytes (ABS,CON)

      Value  Global                              Global Defined In Module
      -----  --------------------------------   ------------------------
ASxxxx Linker V03.00 + NoICE + sdld,  page 5.
Hexadecimal  [32-Bits]

Area                                    Addr        Size        Decimal Bytes (Attributes)
--------------------------------        ----        ----        ------- ----- ------------
_DATA                               000025AE    000000B6 =         182. bytes (REL,CON)

      Value  Global                              Global Defined In Module
      -----  --------------------------------   ------------------------
     000025AE  _heap_top                          
     000025B0  _helperCodeBlock                   UnapiHelper
     000025C8  _helperRegs                        UnapiHelper
     000025D4  _chHelperString                    UnapiHelper

ASxxxx Linker V03.00 + NoICE + sdld,  page 6.
Hexadecimal  [32-Bits]

Area                                    Addr        Size        Decimal Bytes (Attributes)
--------------------------------        ----        ----        ------- ----- ------------
_GSINIT                             00002664    0000000F =          15. bytes (REL,CON)

      Value  Global                              Global Defined In Module
      -----  --------------------------------   ------------------------
ASxxxx Linker V03.00 + NoICE + sdld,  page 7.
Hexadecimal  [32-Bits]

Area                                    Addr        Size        Decimal Bytes (Attributes)
--------------------------------        ----        ----        ------- ----- ------------
_GSFINAL                            00002673    00000001 =           1. bytes (REL,CON)

      Value  Global                              Global Defined In Module
      -----  --------------------------------   ------------------------
ASxxxx Linker V03.00 + NoICE + sdld,  page 8.
Hexadecimal  [32-Bits]

Area                                    Addr        Size        Decimal Bytes (Attributes)
--------------------------------        ----        ----        ------- ----- ------------
_HEAP                               00002674    00000000 =           0. bytes (REL,CON)

      Value  Global                              Global Defined In Module
      -----  --------------------------------   ------------------------
     00002674  _HEAP_start                        

ASxxxx Linker V03.00 + NoICE + sdld,  page 9.
Hexadecimal  [32-Bits]

Area                                    Addr        Size        Decimal Bytes (Attributes)
--------------------------------        ----        ----        ------- ----- ------------
_HOME                               00002674    00000148 =         328. bytes (REL,CON)

      Value  Global                              Global Defined In Module
      -----  --------------------------------   ------------------------
     00002674  __divulong                         _divulong
     00002706  __modulong                         _modulong

ASxxxx Linker V03.00 + NoICE + sdld,  page 10.

Files Linked                              [ module(s) ]

c:\fusion-c\fusion-c\include\crt0_msxdos_advanced.rel
                                          [  ]
obj\Release\src\chkssh.rel                [ chkssh ]
obj\Release\src\UnapiHelper.rel           [ UnapiHelper ]


Libraries Linked                          [ object file ]

c:\fusion-c\fusion-c\lib\asm.lib          [ DosCall ]
c:\fusion-c\fusion-c\lib\asm.lib          [ UnapiGetCount ]
c:\fusion-c\fusion-c\lib\fusion.lib       [ io.rel ]
c:\fusion-c\fusion-c\lib\asm.lib          [ UnapiRead ]
c:\fusion-c\fusion-c\lib\asm.lib          [ UnapiCall ]
C:\Program Files\SDCC\bin\..\lib\z80/z80.lib
                                          [ puts.rel ]
c:\fusion-c\fusion-c\lib\asm.lib          [ UnapiBuildCodeBlock ]
c:\fusion-c\fusion-c\lib\fusion.lib       [ printf.rel ]
C:\Program Files\SDCC\bin\..\lib\z80/z80.lib
                                          [ _strcmp.rel ]
c:\fusion-c\fusion-c\lib\asm.lib          [ UnapiGetRamHelper ]
c:\fusion-c\fusion-c\lib\asm.lib          [ AsmCall ]
c:\fusion-c\fusion-c\lib\fusion.lib       [ putchar_msxdos.rel ]
C:\Program Files\SDCC\bin\..\lib\z80/z80.lib
                                          [ _itoa.rel ]
C:\Program Files\SDCC\bin\..\lib\z80/z80.lib
                                          [ _ltoa.rel ]
C:\Program Files\SDCC\bin\..\lib\z80/z80.lib
                                          [ _divulong.rel ]
C:\Program Files\SDCC\bin\..\lib\z80/z80.lib
                                          [ modunsigned.rel ]
C:\Program Files\SDCC\bin\..\lib\z80/z80.lib
                                          [ divunsigned.rel ]
C:\Program Files\SDCC\bin\..\lib\z80/z80.lib
                                          [ _modulong.rel ]

ASxxxx Linker V03.00 + NoICE + sdld,  page 11.

User Base Address Definitions

_CODE = 0x0180
_DATA = 0x0000

