ASxxxx Linker V03.00 + NoICE + sdld,  page 1.
Hexadecimal  [32-Bits]

Area                                    Addr        Size        Decimal Bytes (Attributes)
--------------------------------        ----        ----        ------- ----- ------------
.  .ABS.                            00000000    00000000 =           0. bytes (ABS,CON)

      Value  Global                              Global Defined In Module
      -----  --------------------------------   ------------------------
     00000000  .__.ABS.                           _modulong
     00000000  l__CABS                         
     00000000  l__DABS                         
     00000000  l__HEADER                       
     00000000  l__HEAP                         
     00000000  l__INITIALIZED                  
     00000000  l__INITIALIZER                  
     00000000  l__OVERLAY                      
     00000000  s__CABS                         
     00000000  s__DABS                         
     00000000  s__HEADER                       
     00000000  s__HEADER0                      
     00000001  l__GSFINAL                      
     0000000F  l__GSINIT                       
     00000078  l__HEADER0                      
     00000180  s__CODE                         
     000002B7  l__DATA                         
     000002C5  l__HOME                         
     000069D3  l__CODE                         
     00006B53  s__DATA                         
     00006E0A  s__GSINIT                       
     00006E19  s__GSFINAL                      
     00006E1A  s__HEAP                         
     00006E1A  s__HOME                         
     00006E1A  s__INITIALIZED                  
     000070DF  s__INITIALIZER                  
     000070DF  s__OVERLAY                      
     00008000  _ucRcvDataMemory                   ssh
     00008500  _RcvPkt                            XYMODEM
     00009000  _ucUnsafeDataTXBuffer              XYMODEM
     0000C000  _ucPromptString                    ssh
     0000C500  _ucUser                            ssh
     0000C600  _ucPwd                             ssh
     0000C900  _ucServer                          ssh
     0000CA00  _ucPort                            ssh
     0000F3B0  _ucLinLen                          ssh
     0000FBEB  _ucMT6                             ssh
     0000FBEC  _ucMT7                             ssh
     0000FC9E  _uiJiffy                           ssh
     0000FC9E  _uiTickCount                       XYMODEM
     0000FCA9  _ucCursorDisplayed                 ssh

ASxxxx Linker V03.00 + NoICE + sdld,  page 2.
Hexadecimal  [32-Bits]

Area                                    Addr        Size        Decimal Bytes (Attributes)
--------------------------------        ----        ----        ------- ----- ------------
_CODE                               00000180    000069D3 =       27091. bytes (REL,CON)

      Value  Global                              Global Defined In Module
      -----  --------------------------------   ------------------------
     00000180  _initPrint                         print
     000001A6  _StartPrintBuffer                  print
     000001AE  _EndPrintBuffer                    print
     000001B6  _print                             print
     000001D1  _printChar                         print
     000001E3  _initAnsi                          print
     000001F2  _endAnsi                           print
     00000220  _GetDataFromKeyboard               print
     000002AB  _SendCursorPosition                ssh
     0000030A  _ucCrLf                            ssh
     0000030D  _ucUsage                           ssh
     000004B2  _ucSWInfo                          ssh
     0000050D  _ucSWInfoANSI                      ssh
     0000056F  _ucCursor_Up                       ssh
     00000573  _ucCursor_Down                     ssh
     00000577  _ucCursor_Forward                  ssh
     0000057B  _ucCursor_Backward                 ssh
     0000057F  _ucCP437Font                       ssh
     00000D88  _IsValidInput                      ssh
     00000FA1  _main                              ssh
     00001919  _InitializeUNAPIS                  UnapiHelper
     00001D24  _RXData                            UnapiHelper
     00001D94  _IsConnected                       UnapiHelper
     00001DFC  _ConnState                         UnapiHelper
     00001E48  _TxByte                            UnapiHelper
     00001E5F  _TxData                            UnapiHelper
     00001EA7  _Respond                           UnapiHelper
     00001EEB  _TxUnsafeData                      UnapiHelper
     00001F64  _CloseConnection                   UnapiHelper
     00001F92  _Breath                            UnapiHelper
     00001FAD  _ResolveDNS                        UnapiHelper
     00002323  _GetChallenge                      UnapiHelper
     00002398  _OpenSingleConnection              UnapiHelper
     00002857  _SetTermType                       UnapiHelper
     0000288A  _SetTermWindow                     UnapiHelper
     000028C4  _ultostr                           XYMODEM
     00002A8B  _GetPacket                         XYMODEM
     00002E22  _XYModemPacketReceive              XYMODEM
     0000337D  _CancelTransfer                    XYMODEM
     000033F0  _XYModemGet                        XYMODEM
     0000394F  _UnapiGetCount                     unapigetcount
     0000394F  _UnapiGetCount_start               unapigetcount
     000039B9  _AnsiInit                          
     000039B9  _UnapiGetCount_end                 unapigetcount
     000039CB  _AnsiFinish                        
     000039D7  _AnsiStartBuffer                   
     000039E4  _AnsiEndBuffer                     
     000039F8  _AnsiCallBack                      
     00003A01  _AnsiGetCursorPosition             
     00003A0C  _AnsiPutChar                       
ASxxxx Linker V03.00 + NoICE + sdld,  page 3.
Hexadecimal  [32-Bits]

Area                                    Addr        Size        Decimal Bytes (Attributes)
--------------------------------        ----        ----        ------- ----- ------------
_CODE                               00000180    000069D3 =       27091. bytes (REL,CON)

      Value  Global                              Global Defined In Module
      -----  --------------------------------   ------------------------
     00003AC7  _AnsiPrint                         
     000051F1  _atoi                              atoi
     00005282  _atol                              atol
     0000537F  _strstr                            _strstr
     00005433  _FCBs                              
     0000543D  _GetOSVersion                      
     00005469  __os_ver                           
     0000546A  __mx_ver                           
     0000546B  __buf8_fcbs                        
     0000559B  __io_errno                         
     00005624  __setupfcb                         
     00005673  _get_fd                            
     00005685  _Open                              
     000056A0  _OpenAttrib                        
     000056BC  _iopen                             
     00005784  _Close                             
     00005794  _iclose                            
     000057C9  _Ensure                            
     000057F8  _Create                            
     0000580D  _CreateAttrib                      
     0000582A  _Read                              
     00005846  _iread                             
     0000588A  _Write                             
     000058A6  _iwrite                            
     000058DA  _Lseek                             
     00005974  _Ltell                             
     00005991  _iltell                            
     000059D4  _GetCWD                            
     000059F1  _igetcwd                           
     00005A2E  _Remove                            
     00005A45  _iremove                           
     00005A6F  _Rename                            
     00005A8C  _irename                           
     00005ACB  _ChangeDir                         
     00005AE2  _ichdir                            
     00005AF6  _MakeDir                           
     00005B0D  _imkdir                            
     00005B29  _RemoveDir                         
     00005B40  _irmdir                            
     00005B58  _FindFirst                         
     00005B98  lb_ff1c                            
     00005BCC  lb_ff2c                            
     00005BE7  _FindNext                          
     00005C15  _SetDisk                           
     00005C29  _GetDisk                           
     00005C36  _DiskLoad                          
     00005CDD  _ReadMSXtype                       readmsxtype
     00005D30  _IntDos                            
     00005DBF  __REGs                             
     00005DC3  _IntBios                           
     00005DCB  _UnapiRead                         UnapiRead
ASxxxx Linker V03.00 + NoICE + sdld,  page 4.
Hexadecimal  [32-Bits]

Area                                    Addr        Size        Decimal Bytes (Attributes)
--------------------------------        ----        ----        ------- ----- ------------
_CODE                               00000180    000069D3 =       27091. bytes (REL,CON)

      Value  Global                              Global Defined In Module
      -----  --------------------------------   ------------------------
     00005DCB  _UnapiRead_start                   UnapiRead
     00005E1B  _UnapiCall                         UnapiCall
     00005E1B  _UnapiCall_start                   UnapiCall
     00005E1B  _UnapiRead_end                     UnapiRead
     00005E62  _UnapiCall_end                     UnapiCall
     00005E62  _Width                             width
     00005EB7  _Inkey                             
     00005EDD  _printf                            printf
     00005EF5  _sprintf                           printf
     0000632D  _InputString                       
     000063A6  _memcpy                            _memcpy
     000063F3  __uitoa                            _itoa
     000064B8  __itoa                             _itoa
     00006507  _InputChar                         
     0000651D  __ultoa                            _ltoa
     000065E5  __ltoa                             _ltoa
     0000664D  _putchar                           
     0000664D  _putchar_rr_s                      
     00006652  _putchar_rr_dbs                    
     00006657  _UnapiBuildCodeBlock               unapibuildcodeblock
     00006657  _UnapiBuildCodeBlock_start         unapibuildcodeblock
     00006863  _GetVramSize                       
     00006863  _UnapiBuildCodeBlock_end           unapibuildcodeblock
     00006877  _CopyRamToVram                     
     000068AA  _CopyVramToRam                     
     0000691D  _strlen                            
     0000692C  _UnapiGetRamHelper                 UnapiGetRamHelper
     0000692C  _UnapiGetRamHelper_start           UnapiGetRamHelper
     000069BD  _AsmCall                           AsmCall
     000069BD  _UnapiGetRamHelper_end             UnapiGetRamHelper
     00006A60  __modschar                         
     00006A6D  __modsint                          
     00006A79  __moduchar                         
     00006A85  __moduint                          
     00006A90  _Screen                            
     00006AB0  __divuint                          
     00006AB8  __divuchar                         
     00006ABF  __divu8                            
     00006AC2  __divu16                           
     00006AF1  __divsint                          
     00006AFA  __divschar                         
     00006B01  __div8                             
     00006B05  __div_signexte                     
     00006B09  __div16                            
     00006B2F  __get_remainder                    
     00006B39  __mulint                           
     00006B3F  __mul16                            

ASxxxx Linker V03.00 + NoICE + sdld,  page 5.
Hexadecimal  [32-Bits]

Area                                    Addr        Size        Decimal Bytes (Attributes)
--------------------------------        ----        ----        ------- ----- ------------
_HEADER0                            00000000    00000078 =         120. bytes (ABS,CON)

      Value  Global                              Global Defined In Module
      -----  --------------------------------   ------------------------
ASxxxx Linker V03.00 + NoICE + sdld,  page 6.
Hexadecimal  [32-Bits]

Area                                    Addr        Size        Decimal Bytes (Attributes)
--------------------------------        ----        ----        ------- ----- ------------
_DATA                               00006B53    000002B7 =         695. bytes (REL,CON)

      Value  Global                              Global Defined In Module
      -----  --------------------------------   ------------------------
     00006B53  _heap_top                          
     00006B55  _usingAnsiDrv                      print
     00006B56  _chTextLine                        ssh
     00006BD6  _ucEcho                            ssh
     00006BD7  _ucStandardDataTransfer            ssh
     00006BD8  _ucPubKey                          ssh
     00006BD9  _ucAnsi                            ssh
     00006BDA  _ucCP437                           ssh
     00006BDB  _ucEnterHit                        ssh
     00006BDC  _ucWidth40                         ssh
     00006BDD  _ucConnNumber                      ssh
     00006BDE  _ucRcvData                         ssh
     00006C5E  _uiGetSize                         ssh
     00006C60  _regs                              ssh
     00006C6C  _helperCodeBlock                   UnapiHelper
     00006C84  _helperCodeBlockTCP                UnapiHelper
     00006C9C  _helperRegs                        UnapiHelper
     00006CA8  _chHelperString                    UnapiHelper
     00006D28  _filename                          XYMODEM
     00006D3C  _G                                 XYMODEM
     00006D3D  _TestTransfer                      XYMODEM
     00006D3E  _SentFileSize                      XYMODEM
     00006D42  _chFileSize                        XYMODEM
     00006D60  _chTransferConn                    XYMODEM
     00006D61  _chDoubleFF                        XYMODEM
     00006D62  _chProtocolString                  XYMODEM

ASxxxx Linker V03.00 + NoICE + sdld,  page 7.
Hexadecimal  [32-Bits]

Area                                    Addr        Size        Decimal Bytes (Attributes)
--------------------------------        ----        ----        ------- ----- ------------
_GSINIT                             00006E0A    0000000F =          15. bytes (REL,CON)

      Value  Global                              Global Defined In Module
      -----  --------------------------------   ------------------------
ASxxxx Linker V03.00 + NoICE + sdld,  page 8.
Hexadecimal  [32-Bits]

Area                                    Addr        Size        Decimal Bytes (Attributes)
--------------------------------        ----        ----        ------- ----- ------------
_GSFINAL                            00006E19    00000001 =           1. bytes (REL,CON)

      Value  Global                              Global Defined In Module
      -----  --------------------------------   ------------------------
ASxxxx Linker V03.00 + NoICE + sdld,  page 9.
Hexadecimal  [32-Bits]

Area                                    Addr        Size        Decimal Bytes (Attributes)
--------------------------------        ----        ----        ------- ----- ------------
_HEAP                               00006E1A    00000000 =           0. bytes (REL,CON)

      Value  Global                              Global Defined In Module
      -----  --------------------------------   ------------------------
     00006E1A  _HEAP_start                        

ASxxxx Linker V03.00 + NoICE + sdld,  page 10.
Hexadecimal  [32-Bits]

Area                                    Addr        Size        Decimal Bytes (Attributes)
--------------------------------        ----        ----        ------- ----- ------------
_HOME                               00006E1A    000002C5 =         709. bytes (REL,CON)

      Value  Global                              Global Defined In Module
      -----  --------------------------------   ------------------------
     00006E1A  __divulong                         _divulong
     00006EAC  __mullong                          _mullong
     00007029  __modulong                         _modulong
ASxxxx Linker V03.00 + NoICE + sdld,  page 11.

Files Linked                              [ module(s) ]

c:\fusion-c\fusion-c\include\crt0_msxdos_advanced.rel
                                          [  ]
obj\Release\src\print.rel                 [ print ]
obj\Release\src\ssh.rel                   [ ssh ]
obj\Release\src\UnapiHelper.rel           [ UnapiHelper ]
obj\Release\src\XYMODEM.rel               [ XYMODEM ]


Libraries Linked                          [ object file ]

c:\fusion-c\fusion-c\lib\asm.lib          [ UnapiGetCount ]
c:\fusion-c\fusion-c\lib\msx2ansi.lib     [ msx2ansi.rel ]
C:\Program Files\SDCC\bin\..\lib\z80/z80.lib
                                          [ atoi.rel ]
C:\Program Files\SDCC\bin\..\lib\z80/z80.lib
                                          [ atol.rel ]
C:\Program Files\SDCC\bin\..\lib\z80/z80.lib
                                          [ _strstr.rel ]
c:\fusion-c\fusion-c\lib\fusion.lib       [ io.rel ]
c:\fusion-c\fusion-c\lib\fusion.lib       [ readmsxtype.rel ]
c:\fusion-c\fusion-c\lib\fusion.lib       [ intdosbios.rel ]
c:\fusion-c\fusion-c\lib\asm.lib          [ UnapiRead ]
c:\fusion-c\fusion-c\lib\asm.lib          [ UnapiCall ]
c:\fusion-c\fusion-c\lib\fusion.lib       [ width.rel ]
c:\fusion-c\fusion-c\lib\fusion.lib       [ inkey.rel ]
c:\fusion-c\fusion-c\lib\fusion.lib       [ printf.rel ]
c:\fusion-c\fusion-c\lib\fusion.lib       [ inputstring.rel ]
C:\Program Files\SDCC\bin\..\lib\z80/z80.lib
                                          [ _divulong.rel ]
C:\Program Files\SDCC\bin\..\lib\z80/z80.lib
                                          [ _memcpy.rel ]
C:\Program Files\SDCC\bin\..\lib\z80/z80.lib
                                          [ _itoa.rel ]
c:\fusion-c\fusion-c\lib\fusion.lib       [ inputchar.rel ]
C:\Program Files\SDCC\bin\..\lib\z80/z80.lib
                                          [ _ltoa.rel ]
c:\fusion-c\fusion-c\lib\fusion.lib       [ putchar_msxdos.rel ]
c:\fusion-c\fusion-c\lib\asm.lib          [ UnapiBuildCodeBlock ]
c:\fusion-c\fusion-c\lib\fusion.lib       [ vram.rel ]
C:\Program Files\SDCC\bin\..\lib\z80/z80.lib
                                          [ strlen.rel ]
c:\fusion-c\fusion-c\lib\asm.lib          [ UnapiGetRamHelper ]
c:\fusion-c\fusion-c\lib\asm.lib          [ AsmCall ]
C:\Program Files\SDCC\bin\..\lib\z80/z80.lib
                                          [ _mullong.rel ]
C:\Program Files\SDCC\bin\..\lib\z80/z80.lib
                                          [ modsigned.rel ]
C:\Program Files\SDCC\bin\..\lib\z80/z80.lib
                                          [ modunsigned.rel ]
c:\fusion-c\fusion-c\lib\fusion.lib       [ screen.rel ]
C:\Program Files\SDCC\bin\..\lib\z80/z80.lib
                                          [ divunsigned.rel ]
C:\Program Files\SDCC\bin\..\lib\z80/z80.lib
                                          [ divsigned.rel ]
C:\Program Files\SDCC\bin\..\lib\z80/z80.lib
                                          [ mul.rel ]
C:\Program Files\SDCC\bin\..\lib\z80/z80.lib
                                          [ _modulong.rel ]

ASxxxx Linker V03.00 + NoICE + sdld,  page 12.

User Base Address Definitions

_CODE = 0x0180
_DATA = 0x0000

