ASxxxx Linker V03.00 + NoICE + sdld,  page 1.
Hexadecimal  [32-Bits]

Area                                    Addr        Size        Decimal Bytes (Attributes)
--------------------------------        ----        ----        ------- ----- ------------
.  .ABS.                            00000000    00000000 =           0. bytes (ABS,CON)

      Value  Global                              Global Defined In Module
      -----  --------------------------------   ------------------------
     00000000  .__.ABS.                           _modulong
     00000000  l__CABS                         
     00000000  l__DABS                         
     00000000  l__HEADER                       
     00000000  l__HEAP                         
     00000000  l__INITIALIZED                  
     00000000  l__INITIALIZER                  
     00000000  l__OVERLAY                      
     00000000  s__CABS                         
     00000000  s__DABS                         
     00000000  s__HEADER                       
     00000000  s__HEADER0                      
     00000001  l__GSFINAL                      
     0000000F  l__GSINIT                       
     00000078  l__HEADER0                      
     00000180  s__CODE                         
     00000227  l__DATA                         
     000002C3  l__HOME                         
     0000326A  l__CODE                         
     000033EA  s__DATA                         
     00003611  s__GSINIT                       
     00003620  s__GSFINAL                      
     00003621  s__HEAP                         
     00003621  s__HOME                         
     00003621  s__INITIALIZED                  
     000038E4  s__INITIALIZER                  
     000038E4  s__OVERLAY                      
     0000FC9E  _TickCount                         CFG8266

ASxxxx Linker V03.00 + NoICE + sdld,  page 2.
Hexadecimal  [32-Bits]

Area                                    Addr        Size        Decimal Bytes (Attributes)
--------------------------------        ----        ----        ------- ----- ------------
_CODE                               00000180    0000326A =       12906. bytes (REL,CON)

      Value  Global                              Global Defined In Module
      -----  --------------------------------   ------------------------
     00000180  _MyRead                            CFG8266
     0000020E  _responseReady                     CFG8266
     00000215  _endUpdate                         CFG8266
     00000217  _certificateDone                   CFG8266
     00000219  _responseOK                        CFG8266
     0000021B  _scanResponse                      CFG8266
     0000021D  _nagleonResponse                   CFG8266
     0000021F  _nagleoffResponse                  CFG8266
     00000221  _scanresResponse                   CFG8266
     00000223  _apconfigurationResponse           CFG8266
     00000225  _responseRSFWUpdate                CFG8266
     00000227  _responseRSCERTUpdate              CFG8266
     00000229  _responseWRBlock                   CFG8266
     0000022B  _responseOTAFW                     CFG8266
     0000022D  _responseOTASPIFF                  CFG8266
     0000022F  _responseRadioOnTimeout            CFG8266
     00000231  _radioOffResponse                  CFG8266
     00000233  _responseReady2                    CFG8266
     0000023A  _strUsage                          CFG8266
     000004CA  _IsValidInput                      CFG8266
     0000078D  _TxByte                            CFG8266
     0000079B  _ultostr                           CFG8266
     00000948  _WaitForRXData                     CFG8266
     00000BBC  _FinishUpdate                      CFG8266
     00000EA4  _main                              CFG8266
     0000207A  _DosCall                           DosCall
     0000207A  _DosCall_start                     DosCall
     000020B1  _DosCall_end                       DosCall
     000020B1  _atoi                              atoi
     0000214D  _atol                              atol
     00002241  _FCBs                              
     0000224B  _GetOSVersion                      
     00002277  __os_ver                           
     00002278  __mx_ver                           
     00002279  __buf8_fcbs                        
     000023A9  __io_errno                         
     00002432  __setupfcb                         
     00002481  _get_fd                            
     00002493  _Open                              
     000024AE  _OpenAttrib                        
     000024CA  _iopen                             
     00002592  _Close                             
     000025A2  _iclose                            
     000025D7  _Ensure                            
     00002606  _Create                            
     0000261B  _CreateAttrib                      
     00002638  _Read                              
     00002654  _iread                             
     00002698  _Write                             
     000026B4  _iwrite                            
ASxxxx Linker V03.00 + NoICE + sdld,  page 3.
Hexadecimal  [32-Bits]

Area                                    Addr        Size        Decimal Bytes (Attributes)
--------------------------------        ----        ----        ------- ----- ------------
_CODE                               00000180    0000326A =       12906. bytes (REL,CON)

      Value  Global                              Global Defined In Module
      -----  --------------------------------   ------------------------
     000026E8  _Lseek                             
     00002782  _Ltell                             
     0000279F  _iltell                            
     000027E2  _GetCWD                            
     000027FF  _igetcwd                           
     0000283C  _Remove                            
     00002853  _iremove                           
     0000287D  _Rename                            
     0000289A  _irename                           
     000028D9  _ChangeDir                         
     000028F0  _ichdir                            
     00002904  _MakeDir                           
     0000291B  _imkdir                            
     00002937  _RemoveDir                         
     0000294E  _irmdir                            
     00002966  _FindFirst                         
     000029A6  lb_ff1c                            
     000029DA  lb_ff2c                            
     000029F5  _FindNext                          
     00002A23  _SetDisk                           
     00002A37  _GetDisk                           
     00002A44  _DiskLoad                          
     00002AEB  _Inkey                             
     00002B11  _InputString                       
     00002B8A  _PrintChar                         
     00002BA8  _puts                              puts
     00002BCD  _Print                             print
     00002C19  _printf                            printf
     00002C31  _sprintf                           printf
     00003069  _strlen                            
     00003078  ___sdcc_enter_ix                   
     00003082  _AsmCall                           AsmCall
     00003125  _putchar                           
     00003125  _putchar_rr_s                      
     0000312A  _putchar_rr_dbs                    
     0000312F  __mulint                           
     00003135  __mul16                            
     00003149  __uitoa                            _itoa
     0000321A  __itoa                             _itoa
     00003269  __ultoa                            _ltoa
     0000332A  __ltoa                             _ltoa
     00003392  __moduchar                         
     0000339E  __moduint                          
     000033A9  __divuint                          
     000033B1  __divuchar                         
     000033B8  __divu8                            
     000033BB  __divu16                           

ASxxxx Linker V03.00 + NoICE + sdld,  page 4.
Hexadecimal  [32-Bits]

Area                                    Addr        Size        Decimal Bytes (Attributes)
--------------------------------        ----        ----        ------- ----- ------------
_HEADER0                            00000000    00000078 =         120. bytes (ABS,CON)

      Value  Global                              Global Defined In Module
      -----  --------------------------------   ------------------------
ASxxxx Linker V03.00 + NoICE + sdld,  page 5.
Hexadecimal  [32-Bits]

Area                                    Addr        Size        Decimal Bytes (Attributes)
--------------------------------        ----        ----        ------- ----- ------------
_DATA                               000033EA    00000227 =         551. bytes (REL,CON)

      Value  Global                              Global Defined In Module
      -----  --------------------------------   ------------------------
     000033EA  _heap_top                          
     000033EC  _ucScan                            CFG8266
     000033ED  _ucServer                          CFG8266
     000034ED  _ucFile                            CFG8266
     000035ED  _ucPort                            CFG8266
     000035F3  _uiPort                            CFG8266
     000035F5  _lPort                             CFG8266
     000035F9  _ucLocalUpdate                     CFG8266
     000035FA  _ucIsFw                            CFG8266
     000035FB  _ucNagleOff                        CFG8266
     000035FC  _ucNagleOn                         CFG8266
     000035FD  _ucRadioOff                        CFG8266
     000035FE  _ucSetTimeout                      CFG8266
     000035FF  _uiTimeout                         CFG8266

ASxxxx Linker V03.00 + NoICE + sdld,  page 6.
Hexadecimal  [32-Bits]

Area                                    Addr        Size        Decimal Bytes (Attributes)
--------------------------------        ----        ----        ------- ----- ------------
_GSINIT                             00003611    0000000F =          15. bytes (REL,CON)

      Value  Global                              Global Defined In Module
      -----  --------------------------------   ------------------------
ASxxxx Linker V03.00 + NoICE + sdld,  page 7.
Hexadecimal  [32-Bits]

Area                                    Addr        Size        Decimal Bytes (Attributes)
--------------------------------        ----        ----        ------- ----- ------------
_GSFINAL                            00003620    00000001 =           1. bytes (REL,CON)

      Value  Global                              Global Defined In Module
      -----  --------------------------------   ------------------------
ASxxxx Linker V03.00 + NoICE + sdld,  page 8.
Hexadecimal  [32-Bits]

Area                                    Addr        Size        Decimal Bytes (Attributes)
--------------------------------        ----        ----        ------- ----- ------------
_HEAP                               00003621    00000000 =           0. bytes (REL,CON)

      Value  Global                              Global Defined In Module
      -----  --------------------------------   ------------------------
     00003621  _HEAP_start                        

ASxxxx Linker V03.00 + NoICE + sdld,  page 9.
Hexadecimal  [32-Bits]

Area                                    Addr        Size        Decimal Bytes (Attributes)
--------------------------------        ----        ----        ------- ----- ------------
_HOME                               00003621    000002C3 =         707. bytes (REL,CON)

      Value  Global                              Global Defined In Module
      -----  --------------------------------   ------------------------
     00003621  __divulong                         _divulong
     000036B3  __mullong                          _mullong
     00003831  __modulong                         _modulong
ASxxxx Linker V03.00 + NoICE + sdld,  page 10.

Files Linked                              [ module(s) ]

C:\fusion-c\fusion-c\include\crt0_msxdos_advanced.rel
                                          [  ]
obj\Release\src\CFG8266.rel               [ CFG8266 ]


Libraries Linked                          [ object file ]

C:\fusion-c\fusion-c\lib\asm.lib          [ DosCall ]
C:\Program Files\SDCC\bin\..\lib\z80/z80.lib
                                          [ atoi.rel ]
C:\Program Files\SDCC\bin\..\lib\z80/z80.lib
                                          [ atol.rel ]
C:\fusion-c\fusion-c\lib\fusion.lib       [ io.rel ]
C:\fusion-c\fusion-c\lib\fusion.lib       [ inkey.rel ]
C:\fusion-c\fusion-c\lib\fusion.lib       [ inputstring.rel ]
C:\Program Files\SDCC\bin\..\lib\z80/z80.lib
                                          [ _divulong.rel ]
C:\fusion-c\fusion-c\lib\fusion.lib       [ printchar.rel ]
C:\Program Files\SDCC\bin\..\lib\z80/z80.lib
                                          [ puts.rel ]
C:\fusion-c\fusion-c\lib\fusion.lib       [ print.rel ]
C:\fusion-c\fusion-c\lib\fusion.lib       [ printf.rel ]
C:\Program Files\SDCC\bin\..\lib\z80/z80.lib
                                          [ strlen.rel ]
C:\Program Files\SDCC\bin\..\lib\z80/z80.lib
                                          [ crtenter.rel ]
C:\fusion-c\fusion-c\lib\asm.lib          [ AsmCall ]
C:\Program Files\SDCC\bin\..\lib\z80/z80.lib
                                          [ _mullong.rel ]
C:\fusion-c\fusion-c\lib\fusion.lib       [ putchar_msxdos.rel ]
C:\Program Files\SDCC\bin\..\lib\z80/z80.lib
                                          [ mul.rel ]
C:\Program Files\SDCC\bin\..\lib\z80/z80.lib
                                          [ _itoa.rel ]
C:\Program Files\SDCC\bin\..\lib\z80/z80.lib
                                          [ _ltoa.rel ]
C:\Program Files\SDCC\bin\..\lib\z80/z80.lib
                                          [ modunsigned.rel ]
C:\Program Files\SDCC\bin\..\lib\z80/z80.lib
                                          [ divunsigned.rel ]
C:\Program Files\SDCC\bin\..\lib\z80/z80.lib
                                          [ _modulong.rel ]

ASxxxx Linker V03.00 + NoICE + sdld,  page 11.

User Base Address Definitions

_CODE = 0x0180
_DATA = 0x0000

